# slug|fmt|brand|src_md (relative to sales-templates/)|title
# fmt: D=.docx (Google Docs)  P=.pptx (Google Slides)   sheets built by sheets/*.py

# ===== AIVP / cross-brand umbrella =====

# ===== ProAsiste (business) =====
proasiste-one-pager|D|proasiste|src/en/proasiste-one-pager.md|ProAsiste One-Pager
proasiste-email-templates|D|proasiste|src/en/proasiste-email-templates.md|ProAsiste Sales Email Templates
proasiste-pitch-blurbs|D|proasiste|src/en/proasiste-pitch-blurbs.md|ProAsiste Two-Twins Pitch Blurbs
proasiste-quick-reference|D|proasiste|src/en/proasiste-quick-reference.md|ProAsiste Quick Reference Card
proasiste-competitive|D|proasiste|src/en/proasiste-competitive.md|ProAsiste Competitive Positioning
proasiste-security-faq|D|proasiste|src/en/proasiste-security-faq.md|ProAsiste Security FAQ
proasiste-personas|D|proasiste|src/en/proasiste-personas.md|ProAsiste Customer Personas
proasiste-pitch-deck|P|proasiste|src/en/proasiste-pitch-deck.md|ProAsiste: Pitch Deck
proasiste-twin-tech-explainer|D|proasiste|src/en/proasiste-twin-tech-explainer.md|ProAsiste: Twin Tech Across ProAsiste, ExpertAsiste & HelpAsiste

# ===== EduAsiste (education) =====
eduasiste-one-pager|D|eduasiste|src/en/eduasiste-one-pager.md|EduAsiste One-Pager
eduasiste-email-templates|D|eduasiste|src/en/eduasiste-email-templates.md|EduAsiste Sales Email Templates
eduasiste-pitch-blurbs|D|eduasiste|src/en/eduasiste-pitch-blurbs.md|EduAsiste Two-Twins Pitch Blurbs
eduasiste-quick-reference|D|eduasiste|src/en/eduasiste-quick-reference.md|EduAsiste Quick Reference Card
eduasiste-competitive|D|eduasiste|src/en/eduasiste-competitive.md|EduAsiste Competitive Positioning
eduasiste-security-faq|D|eduasiste|src/en/eduasiste-security-faq.md|EduAsiste Security FAQ
eduasiste-personas|D|eduasiste|src/en/eduasiste-personas.md|EduAsiste Customer Personas
eduasiste-pitch-deck|P|eduasiste|src/en/eduasiste-pitch-deck.md|EduAsiste: Pitch Deck
